// Jest Snapshot v1, https://goo.gl/fbAQLP

exports[`different colours 1`] = `
<View
  style={
    Object {
      "marginBottom": 0,
      "marginTop": 0,
      "paddingBottom": 10,
      "paddingLeft": 10,
      "paddingRight": 10,
      "paddingTop": 5,
    }
  }
>
  <Text
    style={
      Object {
        "color": "#850029",
        "fontFamily": "TimesModern-Regular",
        "fontSize": 75,
        "marginBottom": -40,
        "marginTop": 0,
      }
    }
  >
    â€œ
  </Text>
  <Text
    style={
      Object {
        "color": "#333333",
        "fontFamily": "TimesModern-Regular",
        "fontSize": 25,
        "lineHeight": 30,
      }
    }
  >
    Some content
  </Text>
  <View
    style={
      Object {
        "alignItems": "center",
        "display": "flex",
        "flexDirection": "row",
        "height": 20,
        "marginTop": 10,
      }
    }
  >
    <Text
      style={
        Object {
          "color": "#696969",
          "fontFamily": "GillSansMTStd-Medium",
          "fontSize": 13,
          "lineHeight": 13,
          "marginBottom": 0,
          "paddingTop": 4,
        }
      }
    >
      A caption
    </Text>
    <Text
      style={
        Object {
          "color": "#696969",
          "fontFamily": "GillSansMTStd-Medium",
          "fontSize": 13,
          "lineHeight": 13,
          "marginBottom": 0,
          "paddingTop": 4,
        }
      }
    >
      
    </Text>
    <View>
      <IconTwitter
        height={10}
        width={12}
      />
      <TextLink
        target="_blank"
        url="https://twitter.com/@twitter"
      >
        @twitter
      </TextLink>
    </View>
  </View>
</View>
`;
